Archive member included to satisfy reference by file (symbol)

c:/program files (x86)/atmel/studio/7.0/toolchain/avr8/avr8-gnu-toolchain/bin/../lib/gcc/avr/5.4.0/../../../../avr/lib/avr5\libm.a(addsf3.o)
                              HAL/SERVO_Prog.o (__addsf3)
c:/program files (x86)/atmel/studio/7.0/toolchain/avr8/avr8-gnu-toolchain/bin/../lib/gcc/avr/5.4.0/../../../../avr/lib/avr5\libm.a(addsf3x.o)
                              c:/program files (x86)/atmel/studio/7.0/toolchain/avr8/avr8-gnu-toolchain/bin/../lib/gcc/avr/5.4.0/../../../../avr/lib/avr5\libm.a(addsf3.o) (__addsf3x)
c:/program files (x86)/atmel/studio/7.0/toolchain/avr8/avr8-gnu-toolchain/bin/../lib/gcc/avr/5.4.0/../../../../avr/lib/avr5\libm.a(cmpsf2.o)
                              HAL/KEYPAD_Prog.o (__ltsf2)
c:/program files (x86)/atmel/studio/7.0/toolchain/avr8/avr8-gnu-toolchain/bin/../lib/gcc/avr/5.4.0/../../../../avr/lib/avr5\libm.a(divsf3.o)
                              HAL/SERVO_Prog.o (__divsf3)
c:/program files (x86)/atmel/studio/7.0/toolchain/avr8/avr8-gnu-toolchain/bin/../lib/gcc/avr/5.4.0/../../../../avr/lib/avr5\libm.a(divsf3x.o)
                              c:/program files (x86)/atmel/studio/7.0/toolchain/avr8/avr8-gnu-toolchain/bin/../lib/gcc/avr/5.4.0/../../../../avr/lib/avr5\libm.a(divsf3.o) (__divsf3x)
c:/program files (x86)/atmel/studio/7.0/toolchain/avr8/avr8-gnu-toolchain/bin/../lib/gcc/avr/5.4.0/../../../../avr/lib/avr5\libm.a(fixunssfsi.o)
                              HAL/KEYPAD_Prog.o (__fixunssfsi)
c:/program files (x86)/atmel/studio/7.0/toolchain/avr8/avr8-gnu-toolchain/bin/../lib/gcc/avr/5.4.0/../../../../avr/lib/avr5\libm.a(fp_cmp.o)
                              c:/program files (x86)/atmel/studio/7.0/toolchain/avr8/avr8-gnu-toolchain/bin/../lib/gcc/avr/5.4.0/../../../../avr/lib/avr5\libm.a(cmpsf2.o) (__fp_cmp)
c:/program files (x86)/atmel/studio/7.0/toolchain/avr8/avr8-gnu-toolchain/bin/../lib/gcc/avr/5.4.0/../../../../avr/lib/avr5\libm.a(fp_inf.o)
                              c:/program files (x86)/atmel/studio/7.0/toolchain/avr8/avr8-gnu-toolchain/bin/../lib/gcc/avr/5.4.0/../../../../avr/lib/avr5\libm.a(addsf3x.o) (__fp_inf)
c:/program files (x86)/atmel/studio/7.0/toolchain/avr8/avr8-gnu-toolchain/bin/../lib/gcc/avr/5.4.0/../../../../avr/lib/avr5\libm.a(fp_nan.o)
                              c:/program files (x86)/atmel/studio/7.0/toolchain/avr8/avr8-gnu-toolchain/bin/../lib/gcc/avr/5.4.0/../../../../avr/lib/avr5\libm.a(addsf3x.o) (__fp_nan)
c:/program files (x86)/atmel/studio/7.0/toolchain/avr8/avr8-gnu-toolchain/bin/../lib/gcc/avr/5.4.0/../../../../avr/lib/avr5\libm.a(fp_pscA.o)
                              c:/program files (x86)/atmel/studio/7.0/toolchain/avr8/avr8-gnu-toolchain/bin/../lib/gcc/avr/5.4.0/../../../../avr/lib/avr5\libm.a(addsf3x.o) (__fp_pscA)
c:/program files (x86)/atmel/studio/7.0/toolchain/avr8/avr8-gnu-toolchain/bin/../lib/gcc/avr/5.4.0/../../../../avr/lib/avr5\libm.a(fp_pscB.o)
                              c:/program files (x86)/atmel/studio/7.0/toolchain/avr8/avr8-gnu-toolchain/bin/../lib/gcc/avr/5.4.0/../../../../avr/lib/avr5\libm.a(addsf3x.o) (__fp_pscB)
c:/program files (x86)/atmel/studio/7.0/toolchain/avr8/avr8-gnu-toolchain/bin/../lib/gcc/avr/5.4.0/../../../../avr/lib/avr5\libm.a(fp_round.o)
                              c:/program files (x86)/atmel/studio/7.0/toolchain/avr8/avr8-gnu-toolchain/bin/../lib/gcc/avr/5.4.0/../../../../avr/lib/avr5\libm.a(addsf3.o) (__fp_round)
c:/program files (x86)/atmel/studio/7.0/toolchain/avr8/avr8-gnu-toolchain/bin/../lib/gcc/avr/5.4.0/../../../../avr/lib/avr5\libm.a(fp_split3.o)
                              c:/program files (x86)/atmel/studio/7.0/toolchain/avr8/avr8-gnu-toolchain/bin/../lib/gcc/avr/5.4.0/../../../../avr/lib/avr5\libm.a(addsf3x.o) (__fp_split3)
c:/program files (x86)/atmel/studio/7.0/toolchain/avr8/avr8-gnu-toolchain/bin/../lib/gcc/avr/5.4.0/../../../../avr/lib/avr5\libm.a(fp_zero.o)
                              c:/program files (x86)/atmel/studio/7.0/toolchain/avr8/avr8-gnu-toolchain/bin/../lib/gcc/avr/5.4.0/../../../../avr/lib/avr5\libm.a(addsf3x.o) (__fp_zero)
c:/program files (x86)/atmel/studio/7.0/toolchain/avr8/avr8-gnu-toolchain/bin/../lib/gcc/avr/5.4.0/../../../../avr/lib/avr5\libm.a(gesf2.o)
                              HAL/KEYPAD_Prog.o (__gtsf2)
c:/program files (x86)/atmel/studio/7.0/toolchain/avr8/avr8-gnu-toolchain/bin/../lib/gcc/avr/5.4.0/../../../../avr/lib/avr5\libm.a(mulsf3.o)
                              HAL/KEYPAD_Prog.o (__mulsf3)
c:/program files (x86)/atmel/studio/7.0/toolchain/avr8/avr8-gnu-toolchain/bin/../lib/gcc/avr/5.4.0/../../../../avr/lib/avr5\libm.a(mulsf3x.o)
                              c:/program files (x86)/atmel/studio/7.0/toolchain/avr8/avr8-gnu-toolchain/bin/../lib/gcc/avr/5.4.0/../../../../avr/lib/avr5\libm.a(mulsf3.o) (__mulsf3x)
c:/program files (x86)/atmel/studio/7.0/toolchain/avr8/avr8-gnu-toolchain/bin/../lib/gcc/avr/5.4.0/avr5\libgcc.a(_mulsi3.o)
                              SERVICE/Timers_Services.o (__mulsi3)
c:/program files (x86)/atmel/studio/7.0/toolchain/avr8/avr8-gnu-toolchain/bin/../lib/gcc/avr/5.4.0/avr5\libgcc.a(_udivmodhi4.o)
                              SERVICE/Timers_Services.o (__udivmodhi4)
c:/program files (x86)/atmel/studio/7.0/toolchain/avr8/avr8-gnu-toolchain/bin/../lib/gcc/avr/5.4.0/avr5\libgcc.a(_udivmodsi4.o)
                              HAL/SERVO_Prog.o (__udivmodsi4)
c:/program files (x86)/atmel/studio/7.0/toolchain/avr8/avr8-gnu-toolchain/bin/../lib/gcc/avr/5.4.0/avr5\libgcc.a(_divmodsi4.o)
                              HAL/LCD_Prog.o (__divmodsi4)
c:/program files (x86)/atmel/studio/7.0/toolchain/avr8/avr8-gnu-toolchain/bin/../lib/gcc/avr/5.4.0/avr5\libgcc.a(_negsi2.o)
                              c:/program files (x86)/atmel/studio/7.0/toolchain/avr8/avr8-gnu-toolchain/bin/../lib/gcc/avr/5.4.0/avr5\libgcc.a(_divmodsi4.o) (__negsi2)
c:/program files (x86)/atmel/studio/7.0/toolchain/avr8/avr8-gnu-toolchain/bin/../lib/gcc/avr/5.4.0/avr5\libgcc.a(_exit.o)
                              C:/Program Files (x86)/Atmel/Studio/7.0/Packs/atmel/ATmega_DFP/1.7.374/gcc/dev/atmega32/avr5/crtatmega32.o (exit)
c:/program files (x86)/atmel/studio/7.0/toolchain/avr8/avr8-gnu-toolchain/bin/../lib/gcc/avr/5.4.0/avr5\libgcc.a(_copy_data.o)
                              CONFIG/DIO_Cfg.o (__do_copy_data)
c:/program files (x86)/atmel/studio/7.0/toolchain/avr8/avr8-gnu-toolchain/bin/../lib/gcc/avr/5.4.0/avr5\libgcc.a(_clear_bss.o)
                              HAL/ULTRASONIC_Prog.o (__do_clear_bss)
c:/program files (x86)/atmel/studio/7.0/toolchain/avr8/avr8-gnu-toolchain/bin/../lib/gcc/avr/5.4.0/avr5\libgcc.a(_umulhisi3.o)
                              HAL/LCD_Prog.o (__umulhisi3)
c:/program files (x86)/atmel/studio/7.0/toolchain/avr8/avr8-gnu-toolchain/bin/../lib/gcc/avr/5.4.0/avr5\libgcc.a(_muluhisi3.o)
                              HAL/SERVO_Prog.o (__muluhisi3)

Allocating common symbols
Common symbol       size              file

TX_Str              0x2               SERVICE/UART_Services.o
RX_Str              0x2               SERVICE/UART_Services.o
number              0x2               main.o
Dframe              0x16              SERVICE/UART_Services.o
frame               0x16              SERVICE/UART_Services.o

Discarded input sections

 .data          0x00000000        0x0 C:/Program Files (x86)/Atmel/Studio/7.0/Packs/atmel/ATmega_DFP/1.7.374/gcc/dev/atmega32/avr5/crtatmega32.o
 .bss           0x00000000        0x0 C:/Program Files (x86)/Atmel/Studio/7.0/Packs/atmel/ATmega_DFP/1.7.374/gcc/dev/atmega32/avr5/crtatmega32.o
 .text          0x00000000        0x0 APP/Calculator_Prog.o
 .data          0x00000000        0x0 APP/Calculator_Prog.o
 .bss           0x00000000        0x0 APP/Calculator_Prog.o
 .comment       0x00000000       0x31 APP/Calculator_Prog.o
 .text          0x00000000        0x0 APP/Car_Garage_DOM_Prog.o
 .data          0x00000000        0x0 APP/Car_Garage_DOM_Prog.o
 .bss           0x00000000        0x0 APP/Car_Garage_DOM_Prog.o
 .comment       0x00000000       0x31 APP/Car_Garage_DOM_Prog.o
 .text          0x00000000        0x0 APP/MOVMENT_Prog.o
 .data          0x00000000        0x0 APP/MOVMENT_Prog.o
 .bss           0x00000000        0x0 APP/MOVMENT_Prog.o
 .text.MOVE_Init
                0x00000000       0x10 APP/MOVMENT_Prog.o
 .text.MOVE_Runnable
                0x00000000       0x10 APP/MOVMENT_Prog.o
 .text.FORWARD  0x00000000       0x10 APP/MOVMENT_Prog.o
 .comment       0x00000000       0x31 APP/MOVMENT_Prog.o
 .text          0x00000000        0x0 APP/Smart_Home_Uart.o
 .data          0x00000000        0x0 APP/Smart_Home_Uart.o
 .bss           0x00000000        0x0 APP/Smart_Home_Uart.o
 .comment       0x00000000       0x31 APP/Smart_Home_Uart.o
 .text          0x00000000        0x0 APP/StopWatch_Prog.o
 .data          0x00000000        0x0 APP/StopWatch_Prog.o
 .bss           0x00000000        0x0 APP/StopWatch_Prog.o
 .text.StopWatch
                0x00000000      0x2b6 APP/StopWatch_Prog.o
 .comment       0x00000000       0x31 APP/StopWatch_Prog.o
 .text          0x00000000        0x0 CONFIG/DIO_Cfg.o
 .data          0x00000000        0x0 CONFIG/DIO_Cfg.o
 .bss           0x00000000        0x0 CONFIG/DIO_Cfg.o
 .text          0x00000000        0x0 CONFIG/EXI_Cfg.o
 .data          0x00000000        0x0 CONFIG/EXI_Cfg.o
 .bss           0x00000000        0x0 CONFIG/EXI_Cfg.o
 .text.INT0_func
                0x00000000       0x10 CONFIG/EXI_Cfg.o
 .comment       0x00000000       0x31 CONFIG/EXI_Cfg.o
 .text          0x00000000        0x0 HAL/ECU_Prog.o
 .data          0x00000000        0x0 HAL/ECU_Prog.o
 .bss           0x00000000        0x0 HAL/ECU_Prog.o
 .text.LED_Count
                0x00000000       0x5a HAL/ECU_Prog.o
 .comment       0x00000000       0x31 HAL/ECU_Prog.o
 .text          0x00000000        0x0 HAL/KEYPAD_Prog.o
 .data          0x00000000        0x0 HAL/KEYPAD_Prog.o
 .bss           0x00000000        0x0 HAL/KEYPAD_Prog.o
 .data.KeysArray
                0x00000000       0x10 HAL/KEYPAD_Prog.o
 .text.KEYPAD_Init
                0x00000000       0x2c HAL/KEYPAD_Prog.o
 .text.KEYPAD_GetKey
                0x00000000      0x266 HAL/KEYPAD_Prog.o
 .comment       0x00000000       0x31 HAL/KEYPAD_Prog.o
 .text          0x00000000        0x0 HAL/LCD_Prog.o
 .data          0x00000000        0x0 HAL/LCD_Prog.o
 .bss           0x00000000        0x0 HAL/LCD_Prog.o
 .text.LCD_WriteBinary
                0x00000000       0xb8 HAL/LCD_Prog.o
 .text.LCD_WriteBinary2
                0x00000000       0x4a HAL/LCD_Prog.o
 .text.LCD_WriteHex3
                0x00000000       0xa4 HAL/LCD_Prog.o
 .text.LCD_WriteHex2
                0x00000000       0x5a HAL/LCD_Prog.o
 .rodata        0x00000000       0x10 HAL/LCD_Prog.o
 .text.LCD_WriteHex
                0x00000000       0x7a HAL/LCD_Prog.o
 .text.LCD_ShakeWord2
                0x00000000      0x148 HAL/LCD_Prog.o
 .text.LCD_ShakeWord
                0x00000000      0x156 HAL/LCD_Prog.o
 .text.LCD_WriteNumber_4D
                0x00000000      0x162 HAL/LCD_Prog.o
 .text.LCD_CustomChar
                0x00000000       0x60 HAL/LCD_Prog.o
 .data.customChar
                0x00000000        0x8 HAL/LCD_Prog.o
 .text.LCD_CustomChar2
                0x00000000       0x3e HAL/LCD_Prog.o
 .text.LCD_CustomChar3
                0x00000000       0x46 HAL/LCD_Prog.o
 .text.LCD_CustomChar4
                0x00000000       0x62 HAL/LCD_Prog.o
 .text          0x00000000        0x0 HAL/MOTOR_Prog.o
 .data          0x00000000        0x0 HAL/MOTOR_Prog.o
 .bss           0x00000000        0x0 HAL/MOTOR_Prog.o
 .data.arr      0x00000000        0xc HAL/MOTOR_Prog.o
 .text.MOTOR_Init
                0x00000000       0x10 HAL/MOTOR_Prog.o
 .text.MOTOR_Stop
                0x00000000       0x4a HAL/MOTOR_Prog.o
 .text.MOTOR_CW
                0x00000000       0x4a HAL/MOTOR_Prog.o
 .text.MOTOR_CW2
                0x00000000       0x36 HAL/MOTOR_Prog.o
 .text.MOTOR_CCW
                0x00000000       0x4a HAL/MOTOR_Prog.o
 .comment       0x00000000       0x31 HAL/MOTOR_Prog.o
 .text          0x00000000        0x0 HAL/SERVO_Prog.o
 .data          0x00000000        0x0 HAL/SERVO_Prog.o
 .bss           0x00000000        0x0 HAL/SERVO_Prog.o
 .text.Servo_Position2
                0x00000000      0xeca HAL/SERVO_Prog.o
 .text          0x00000000        0x0 HAL/SEVEN_SEG_Prog.o
 .data          0x00000000        0x0 HAL/SEVEN_SEG_Prog.o
 .bss           0x00000000        0x0 HAL/SEVEN_SEG_Prog.o
 .rodata        0x00000000        0xa HAL/SEVEN_SEG_Prog.o
 .text.segment_display1
                0x00000000       0x62 HAL/SEVEN_SEG_Prog.o
 .text.segment_display2
                0x00000000      0x288 HAL/SEVEN_SEG_Prog.o
 .text.segment_display_MLX
                0x00000000      0x2bc HAL/SEVEN_SEG_Prog.o
 .text.segment_display_BCD
                0x00000000      0x23a HAL/SEVEN_SEG_Prog.o
 .text.segment_display_BCD2
                0x00000000      0x16a HAL/SEVEN_SEG_Prog.o
 .text.segment_display_BCD_HEX
                0x00000000      0x144 HAL/SEVEN_SEG_Prog.o
 .comment       0x00000000       0x31 HAL/SEVEN_SEG_Prog.o
 .text          0x00000000        0x0 HAL/STEPPER_Prog.o
 .data          0x00000000        0x0 HAL/STEPPER_Prog.o
 .bss           0x00000000        0x0 HAL/STEPPER_Prog.o
 .text.Stepper_BiPolar_CW
                0x00000000      0x438 HAL/STEPPER_Prog.o
 .text.Stepper_BiPolar_CCW
                0x00000000      0x438 HAL/STEPPER_Prog.o
 .text.Stepper_UniPolar_CW
                0x00000000      0x438 HAL/STEPPER_Prog.o
 .text.Stepper_UniPolar_CCW
                0x00000000      0x438 HAL/STEPPER_Prog.o
 .text.Stepper_UniPolar_CW_HS
                0x00000000      0x95a HAL/STEPPER_Prog.o
 .text.Stepper_UniPolar_CCW_HS
                0x00000000      0x95a HAL/STEPPER_Prog.o
 .comment       0x00000000       0x31 HAL/STEPPER_Prog.o
 .text          0x00000000        0x0 HAL/ULTRASONIC_Prog.o
 .data          0x00000000        0x0 HAL/ULTRASONIC_Prog.o
 .bss           0x00000000        0x0 HAL/ULTRASONIC_Prog.o
 .bss.t1        0x00000000        0x2 HAL/ULTRASONIC_Prog.o
 .bss.t2        0x00000000        0x2 HAL/ULTRASONIC_Prog.o
 .bss.flag      0x00000000        0x1 HAL/ULTRASONIC_Prog.o
 .text.ULTRASONIC_Init
                0x00000000       0x1c HAL/ULTRASONIC_Prog.o
 .comment       0x00000000       0x31 HAL/ULTRASONIC_Prog.o
 .text          0x00000000        0x0 main.o
 .data          0x00000000        0x0 main.o
 .bss           0x00000000        0x0 main.o
 .bss.SPI_Fptr  0x00000000        0x2 main.o
 COMMON         0x00000000        0x2 main.o
 .text          0x00000000        0x0 MCAL/ADC_Prg.o
 .data          0x00000000        0x0 MCAL/ADC_Prg.o
 .bss           0x00000000        0x0 MCAL/ADC_Prg.o
 .text.ADC_Init
                0x00000000       0xe0 MCAL/ADC_Prg.o
 .text.ADC_Read
                0x00000000       0x74 MCAL/ADC_Prg.o
 .text.ADC_ReadVolt
                0x00000000       0x5c MCAL/ADC_Prg.o
 .comment       0x00000000       0x31 MCAL/ADC_Prg.o
 .text          0x00000000        0x0 MCAL/DIO_Prog.o
 .data          0x00000000        0x0 MCAL/DIO_Prog.o
 .bss           0x00000000        0x0 MCAL/DIO_Prog.o
 .text.DIO_WritePort
                0x00000000       0x6e MCAL/DIO_Prog.o
 .text.DIO_ReadPort
                0x00000000       0x6c MCAL/DIO_Prog.o
 .text.DIO_TogglePin
                0x00000000       0x32 MCAL/DIO_Prog.o
 .text          0x00000000        0x0 MCAL/EXI_Prog.o
 .data          0x00000000        0x0 MCAL/EXI_Prog.o
 .bss           0x00000000        0x0 MCAL/EXI_Prog.o
 .text.EXI_Disable
                0x00000000       0x6a MCAL/EXI_Prog.o
 .text          0x00000000        0x0 MCAL/i2C.o
 .data          0x00000000        0x0 MCAL/i2C.o
 .bss           0x00000000        0x0 MCAL/i2C.o
 .comment       0x00000000       0x31 MCAL/i2C.o
 .text          0x00000000        0x0 MCAL/NVM_Prog.o
 .data          0x00000000        0x0 MCAL/NVM_Prog.o
 .bss           0x00000000        0x0 MCAL/NVM_Prog.o
 .text.EEPROM_WriteSynch
                0x00000000       0x78 MCAL/NVM_Prog.o
 .text.EEPROM_ReadSynch
                0x00000000       0x58 MCAL/NVM_Prog.o
 .text.NVM_SetCallBack
                0x00000000       0x32 MCAL/NVM_Prog.o
 .text.NVM_ReadyInerruptEnable
                0x00000000       0x22 MCAL/NVM_Prog.o
 .text.NVM_ReadyInerruptDisable
                0x00000000       0x22 MCAL/NVM_Prog.o
 .text          0x00000000        0x0 MCAL/SPI.o
 .data          0x00000000        0x0 MCAL/SPI.o
 .bss           0x00000000        0x0 MCAL/SPI.o
 .text.SPI_Init
                0x00000000       0xa0 MCAL/SPI.o
 .text.SPI_InterruptEnable
                0x00000000       0x22 MCAL/SPI.o
 .text.SPI_InterruptDisable
                0x00000000       0x22 MCAL/SPI.o
 .text.SPI_SetCallBack
                0x00000000       0x26 MCAL/SPI.o
 .text.SPI_SendReceive
                0x00000000       0x42 MCAL/SPI.o
 .text.SPI_Send
                0x00000000       0x20 MCAL/SPI.o
 .text.SPI_Receive
                0x00000000       0x32 MCAL/SPI.o
 .text.SPI_ReceivePerodic
                0x00000000       0x48 MCAL/SPI.o
 .text.SPI_SendNoBlock
                0x00000000       0x20 MCAL/SPI.o
 .text          0x00000000        0x0 MCAL/Timers_Prog.o
 .data          0x00000000        0x0 MCAL/Timers_Prog.o
 .bss           0x00000000        0x0 MCAL/Timers_Prog.o
 .text.TIMER0_Init
                0x00000000       0xfc MCAL/Timers_Prog.o
 .text.TIMER0_OC0Mode
                0x00000000       0xd2 MCAL/Timers_Prog.o
 .text.TIMER0_OV_InterruptEnable
                0x00000000       0x24 MCAL/Timers_Prog.o
 .text.TIMER0_OV_InterruptDisable
                0x00000000       0x22 MCAL/Timers_Prog.o
 .text.TIMER0_OC_InterruptEnable
                0x00000000       0x22 MCAL/Timers_Prog.o
 .text.TIMER0_OC_InterruptDisable
                0x00000000       0x22 MCAL/Timers_Prog.o
 .text.Timer0_OVF_SetCallBack
                0x00000000       0x26 MCAL/Timers_Prog.o
 .text.Timer1_InputCaptureEdge
                0x00000000       0x48 MCAL/Timers_Prog.o
 .text.Timer1_ICU_InterruptEnable
                0x00000000       0x22 MCAL/Timers_Prog.o
 .text.Timer1_ICU_InterruptDisable
                0x00000000       0x22 MCAL/Timers_Prog.o
 .text.Timer1_OVF_InterruptEnable
                0x00000000       0x22 MCAL/Timers_Prog.o
 .text.Timer1_OVF_InterruptDisable
                0x00000000       0x22 MCAL/Timers_Prog.o
 .text.Timer1_OCA_InterruptEnable
                0x00000000       0x22 MCAL/Timers_Prog.o
 .text.Timer1_OCA_InterruptDisable
                0x00000000       0x22 MCAL/Timers_Prog.o
 .text.Timer1_OCB_InterruptEnable
                0x00000000       0x22 MCAL/Timers_Prog.o
 .text.Timer1_OCB_InterruptDisable
                0x00000000       0x22 MCAL/Timers_Prog.o
 .text.Timer1_OVF_SetCallBack
                0x00000000       0x26 MCAL/Timers_Prog.o
 .text.Timer1_OCA_SetCallBack
                0x00000000       0x26 MCAL/Timers_Prog.o
 .text.Timer1_OCB_SetCallBack
                0x00000000       0x26 MCAL/Timers_Prog.o
 .text.Timer1_ICU_SetCallBack
                0x00000000       0x26 MCAL/Timers_Prog.o
 .text          0x00000000        0x0 MCAL/UART_Prg.o
 .data          0x00000000        0x0 MCAL/UART_Prg.o
 .bss           0x00000000        0x0 MCAL/UART_Prg.o
 .text.UART_Init
                0x00000000       0x50 MCAL/UART_Prg.o
 .text.UART_Send
                0x00000000       0x3c MCAL/UART_Prg.o
 .text.UART_Receive
                0x00000000       0x32 MCAL/UART_Prg.o
 .text.UART_ReceivePerodic
                0x00000000       0x48 MCAL/UART_Prg.o
 .text.UART_SendNoBlock
                0x00000000       0x20 MCAL/UART_Prg.o
 .text.UART_ReceiveNoBlock
                0x00000000       0x16 MCAL/UART_Prg.o
 .text.UART_RX_InterruptEnable
                0x00000000       0x22 MCAL/UART_Prg.o
 .text.UART_RX_InterruptDisable
                0x00000000       0x22 MCAL/UART_Prg.o
 .text.UART_TX_InterruptEnable
                0x00000000       0x22 MCAL/UART_Prg.o
 .text.UART_TX_InterruptDisable
                0x00000000       0x22 MCAL/UART_Prg.o
 .text.UART_RX_SetCallBack
                0x00000000       0x26 MCAL/UART_Prg.o
 .text.UART_TX_SetCallBack
                0x00000000       0x26 MCAL/UART_Prg.o
 .text          0x00000000        0x0 Scheduler/OS.o
 .data          0x00000000        0x0 Scheduler/OS.o
 .bss           0x00000000        0x0 Scheduler/OS.o
 .bss.tasksArray
                0x00000000        0xf Scheduler/OS.o
 .data.Timer0_Interrupt_counter
                0x00000000        0x1 Scheduler/OS.o
 .data.Millis_Counter
                0x00000000        0x2 Scheduler/OS.o
 .data.num      0x00000000        0x2 Scheduler/OS.o
 .bss.TaskCounter_OF_CreatedTasks
                0x00000000        0x1 Scheduler/OS.o
 .text.Init_Scheduler
                0x00000000       0x4e Scheduler/OS.o
 .text.vIncremental
                0x00000000       0x58 Scheduler/OS.o
 .text.OS_Task_Create
                0x00000000       0xe4 Scheduler/OS.o
 .text.OS_Task_Handler
                0x00000000       0xfc Scheduler/OS.o
 .text.OS_Task_Executer
                0x00000000       0x86 Scheduler/OS.o
 .comment       0x00000000       0x31 Scheduler/OS.o
 .text          0x00000000        0x0 Scheduler/Tasks_Prog.o
 .data          0x00000000        0x0 Scheduler/Tasks_Prog.o
 .bss           0x00000000        0x0 Scheduler/Tasks_Prog.o
 .data.num      0x00000000        0x2 Scheduler/Tasks_Prog.o
 .rodata        0x00000000        0xa Scheduler/Tasks_Prog.o
 .text.Task_1s_Lcd
                0x00000000       0x48 Scheduler/Tasks_Prog.o
 .text.Task_2s_Blink
                0x00000000       0x16 Scheduler/Tasks_Prog.o
 .text.Task_3s_Blink
                0x00000000       0x16 Scheduler/Tasks_Prog.o
 .comment       0x00000000       0x31 Scheduler/Tasks_Prog.o
 .text          0x00000000        0x0 SERVICE/NVM_Services.o
 .data          0x00000000        0x0 SERVICE/NVM_Services.o
 .bss           0x00000000        0x0 SERVICE/NVM_Services.o
 .text.Password_WriteSynch
                0x00000000       0x5c SERVICE/NVM_Services.o
 .rodata        0x00000000        0x4 SERVICE/NVM_Services.o
 .text.Password_ReadSynch
                0x00000000       0x7e SERVICE/NVM_Services.o
 .comment       0x00000000       0x31 SERVICE/NVM_Services.o
 .text          0x00000000        0x0 SERVICE/Timers_Services.o
 .data          0x00000000        0x0 SERVICE/Timers_Services.o
 .bss           0x00000000        0x0 SERVICE/Timers_Services.o
 .bss.t1        0x00000000        0x2 SERVICE/Timers_Services.o
 .bss.t2        0x00000000        0x2 SERVICE/Timers_Services.o
 .bss.t3        0x00000000        0x2 SERVICE/Timers_Services.o
 .bss.flag      0x00000000        0x2 SERVICE/Timers_Services.o
 .text.PWM_Freq_KHZ
                0x00000000       0x62 SERVICE/Timers_Services.o
 .text.PWM_Freq_HZ
                0x00000000       0x70 SERVICE/Timers_Services.o
 .text.PWM_Duty
                0x00000000       0x90 SERVICE/Timers_Services.o
 .text.Timer1_SetInterruptTime_ms
                0x00000000       0x54 SERVICE/Timers_Services.o
 .text.Timer1_SetInterruptTime_us
                0x00000000       0x42 SERVICE/Timers_Services.o
 .text.PWM_Measure2
                0x00000000      0x130 SERVICE/Timers_Services.o
 .text.PWM_Measure
                0x00000000      0x38e SERVICE/Timers_Services.o
 .text.Func_ICU
                0x00000000       0xa2 SERVICE/Timers_Services.o
 .text.f1       0x00000000       0x38 SERVICE/Timers_Services.o
 .text.f2       0x00000000      0x11a SERVICE/Timers_Services.o
 .bss.NofOverFlow
                0x00000000        0x4 SERVICE/Timers_Services.o
 .bss.fptr_timer
                0x00000000        0x2 SERVICE/Timers_Services.o
 .text.Timer1_SetInterruptTime_s
                0x00000000       0x7e SERVICE/Timers_Services.o
 .text.Timer_func
                0x00000000       0x7c SERVICE/Timers_Services.o
 .bss.c.2020    0x00000000        0x4 SERVICE/Timers_Services.o
 .comment       0x00000000       0x31 SERVICE/Timers_Services.o
 .text          0x00000000        0x0 SERVICE/UART_Services.o
 .data          0x00000000        0x0 SERVICE/UART_Services.o
 .bss           0x00000000        0x0 SERVICE/UART_Services.o
 .text.UART_SendString
                0x00000000       0x54 SERVICE/UART_Services.o
 .text.UART_SendChar
                0x00000000       0x1c SERVICE/UART_Services.o
 .text.UART_ReceiveString
                0x00000000       0x88 SERVICE/UART_Services.o
 .text.UART_SendNumber
                0x00000000       0x68 SERVICE/UART_Services.o
 .text.UART_ReceiveNumber
                0x00000000       0xfe SERVICE/UART_Services.o
 .text.endian_check
                0x00000000       0x4a SERVICE/UART_Services.o
 .text.endian_convert
                0x00000000       0x8a SERVICE/UART_Services.o
 .text.endian_convert_16
                0x00000000       0x22 SERVICE/UART_Services.o
 .text.diagCallOut
                0x00000000       0x1a SERVICE/UART_Services.o
 .text.UART_SendStringCheckSum
                0x00000000       0xba SERVICE/UART_Services.o
 .text.UART_ReceiveStringCheckSum
                0x00000000       0xc4 SERVICE/UART_Services.o
 .data.flag     0x00000000        0x2 SERVICE/UART_Services.o
 .text.UART_SendStringAsynch
                0x00000000       0x52 SERVICE/UART_Services.o
 .text.TX_Func  0x00000000       0x66 SERVICE/UART_Services.o
 .text.UART_ReceiveStringAsynch
                0x00000000       0x32 SERVICE/UART_Services.o
 .text.RX_Func  0x00000000       0x40 SERVICE/UART_Services.o
 .bss.R_Flag    0x00000000        0x1 SERVICE/UART_Services.o
 .bss.dataFlags
                0x00000000        0x5 SERVICE/UART_Services.o
 .text.BCM_Init
                0x00000000       0x1c SERVICE/UART_Services.o
 .text.RX_Func3
                0x00000000       0x82 SERVICE/UART_Services.o
 .text.RX_Func2
                0x00000000       0x82 SERVICE/UART_Services.o
 .text.BCM_Runnable
                0x00000000       0x90 SERVICE/UART_Services.o
 .data.i.1885   0x00000000        0x1 SERVICE/UART_Services.o
 .bss.i.1892    0x00000000        0x1 SERVICE/UART_Services.o
 .bss.i.1907    0x00000000        0x1 SERVICE/UART_Services.o
 .bss.i.1915    0x00000000        0x1 SERVICE/UART_Services.o
 .comment       0x00000000       0x31 SERVICE/UART_Services.o
 COMMON         0x00000000       0x30 SERVICE/UART_Services.o
 .text          0x00000000        0x0 c:/program files (x86)/atmel/studio/7.0/toolchain/avr8/avr8-gnu-toolchain/bin/../lib/gcc/avr/5.4.0/../../../../avr/lib/avr5\libm.a(addsf3.o)
 .data          0x00000000        0x0 c:/program files (x86)/atmel/studio/7.0/toolchain/avr8/avr8-gnu-toolchain/bin/../lib/gcc/avr/5.4.0/../../../../avr/lib/avr5\libm.a(addsf3.o)
 .bss           0x00000000        0x0 c:/program files (x86)/atmel/studio/7.0/toolchain/avr8/avr8-gnu-toolchain/bin/../lib/gcc/avr/5.4.0/../../../../avr/lib/avr5\libm.a(addsf3.o)
 .text.avr-libc.fplib
                0x00000000        0xe c:/program files (x86)/atmel/studio/7.0/toolchain/avr8/avr8-gnu-toolchain/bin/../lib/gcc/avr/5.4.0/../../../../avr/lib/avr5\libm.a(addsf3.o)
 .text          0x00000000        0x0 c:/program files (x86)/atmel/studio/7.0/toolchain/avr8/avr8-gnu-toolchain/bin/../lib/gcc/avr/5.4.0/../../../../avr/lib/avr5\libm.a(addsf3x.o)
 .data          0x00000000        0x0 c:/program files (x86)/atmel/studio/7.0/toolchain/avr8/avr8-gnu-toolchain/bin/../lib/gcc/avr/5.4.0/../../../../avr/lib/avr5\libm.a(addsf3x.o)
 .bss           0x00000000        0x0 c:/program files (x86)/atmel/studio/7.0/toolchain/avr8/avr8-gnu-toolchain/bin/../lib/gcc/avr/5.4.0/../../../../avr/lib/avr5\libm.a(addsf3x.o)
 .text.avr-libc.fplib
                0x00000000       0xcc c:/program files (x86)/atmel/studio/7.0/toolchain/avr8/avr8-gnu-toolchain/bin/../lib/gcc/avr/5.4.0/../../../../avr/lib/avr5\libm.a(addsf3x.o)
 .text          0x00000000        0x0 c:/program files (x86)/atmel/studio/7.0/toolchain/avr8/avr8-gnu-toolchain/bin/../lib/gcc/avr/5.4.0/../../../../avr/lib/avr5\libm.a(cmpsf2.o)
 .data          0x00000000        0x0 c:/program files (x86)/atmel/studio/7.0/toolchain/avr8/avr8-gnu-toolchain/bin/../lib/gcc/avr/5.4.0/../../../../avr/lib/avr5\libm.a(cmpsf2.o)
 .bss           0x00000000        0x0 c:/program files (x86)/atmel/studio/7.0/toolchain/avr8/avr8-gnu-toolchain/bin/../lib/gcc/avr/5.4.0/../../../../avr/lib/avr5\libm.a(cmpsf2.o)
 .text          0x00000000        0x0 c:/program files (x86)/atmel/studio/7.0/toolchain/avr8/avr8-gnu-toolchain/bin/../lib/gcc/avr/5.4.0/../../../../avr/lib/avr5\libm.a(divsf3.o)
 .data          0x00000000        0x0 c:/program files (x86)/atmel/studio/7.0/toolchain/avr8/avr8-gnu-toolchain/bin/../lib/gcc/avr/5.4.0/../../../../avr/lib/avr5\libm.a(divsf3.o)
 .bss           0x00000000        0x0 c:/program files (x86)/atmel/studio/7.0/toolchain/avr8/avr8-gnu-toolchain/bin/../lib/gcc/avr/5.4.0/../../../../avr/lib/avr5\libm.a(divsf3.o)
 .text.avr-libc.fplib
                0x00000000        0x8 c:/program files (x86)/atmel/studio/7.0/toolchain/avr8/avr8-gnu-toolchain/bin/../lib/gcc/avr/5.4.0/../../../../avr/lib/avr5\libm.a(divsf3.o)
 .text          0x00000000        0x0 c:/program files (x86)/atmel/studio/7.0/toolchain/avr8/avr8-gnu-toolchain/bin/../lib/gcc/avr/5.4.0/../../../../avr/lib/avr5\libm.a(divsf3x.o)
 .data          0x00000000        0x0 c:/program files (x86)/atmel/studio/7.0/toolchain/avr8/avr8-gnu-toolchain/bin/../lib/gcc/avr/5.4.0/../../../../avr/lib/avr5\libm.a(divsf3x.o)
 .bss           0x00000000        0x0 c:/program files (x86)/atmel/studio/7.0/toolchain/avr8/avr8-gnu-toolchain/bin/../lib/gcc/avr/5.4.0/../../../../avr/lib/avr5\libm.a(divsf3x.o)
 .text.avr-libc.fplib
                0x00000000       0xdc c:/program files (x86)/atmel/studio/7.0/toolchain/avr8/avr8-gnu-toolchain/bin/../lib/gcc/avr/5.4.0/../../../../avr/lib/avr5\libm.a(divsf3x.o)
 .text          0x00000000        0x0 c:/program files (x86)/atmel/studio/7.0/toolchain/avr8/avr8-gnu-toolchain/bin/../lib/gcc/avr/5.4.0/../../../../avr/lib/avr5\libm.a(fixunssfsi.o)
 .data          0x00000000        0x0 c:/program files (x86)/atmel/studio/7.0/toolchain/avr8/avr8-gnu-toolchain/bin/../lib/gcc/avr/5.4.0/../../../../avr/lib/avr5\libm.a(fixunssfsi.o)
 .bss           0x00000000        0x0 c:/program files (x86)/atmel/studio/7.0/toolchain/avr8/avr8-gnu-toolchain/bin/../lib/gcc/avr/5.4.0/../../../../avr/lib/avr5\libm.a(fixunssfsi.o)
 .text          0x00000000        0x0 c:/program files (x86)/atmel/studio/7.0/toolchain/avr8/avr8-gnu-toolchain/bin/../lib/gcc/avr/5.4.0/../../../../avr/lib/avr5\libm.a(fp_cmp.o)
 .data          0x00000000        0x0 c:/program files (x86)/atmel/studio/7.0/toolchain/avr8/avr8-gnu-toolchain/bin/../lib/gcc/avr/5.4.0/../../../../avr/lib/avr5\libm.a(fp_cmp.o)
 .bss           0x00000000        0x0 c:/program files (x86)/atmel/studio/7.0/toolchain/avr8/avr8-gnu-toolchain/bin/../lib/gcc/avr/5.4.0/../../../../avr/lib/avr5\libm.a(fp_cmp.o)
 .text          0x00000000        0x0 c:/program files (x86)/atmel/studio/7.0/toolchain/avr8/avr8-gnu-toolchain/bin/../lib/gcc/avr/5.4.0/../../../../avr/lib/avr5\libm.a(fp_inf.o)
 .data          0x00000000        0x0 c:/program files (x86)/atmel/studio/7.0/toolchain/avr8/avr8-gnu-toolchain/bin/../lib/gcc/avr/5.4.0/../../../../avr/lib/avr5\libm.a(fp_inf.o)
 .bss           0x00000000        0x0 c:/program files (x86)/atmel/studio/7.0/toolchain/avr8/avr8-gnu-toolchain/bin/../lib/gcc/avr/5.4.0/../../../../avr/lib/avr5\libm.a(fp_inf.o)
 .text          0x00000000        0x0 c:/program files (x86)/atmel/studio/7.0/toolchain/avr8/avr8-gnu-toolchain/bin/../lib/gcc/avr/5.4.0/../../../../avr/lib/avr5\libm.a(fp_nan.o)
 .data          0x00000000        0x0 c:/program files (x86)/atmel/studio/7.0/toolchain/avr8/avr8-gnu-toolchain/bin/../lib/gcc/avr/5.4.0/../../../../avr/lib/avr5\libm.a(fp_nan.o)
 .bss           0x00000000        0x0 c:/program files (x86)/atmel/studio/7.0/toolchain/avr8/avr8-gnu-toolchain/bin/../lib/gcc/avr/5.4.0/../../../../avr/lib/avr5\libm.a(fp_nan.o)
 .text          0x00000000        0x0 c:/program files (x86)/atmel/studio/7.0/toolchain/avr8/avr8-gnu-toolchain/bin/../lib/gcc/avr/5.4.0/../../../../avr/lib/avr5\libm.a(fp_pscA.o)
 .data          0x00000000        0x0 c:/program files (x86)/atmel/studio/7.0/toolchain/avr8/avr8-gnu-toolchain/bin/../lib/gcc/avr/5.4.0/../../../../avr/lib/avr5\libm.a(fp_pscA.o)
 .bss           0x00000000        0x0 c:/program files (x86)/atmel/studio/7.0/toolchain/avr8/avr8-gnu-toolchain/bin/../lib/gcc/avr/5.4.0/../../../../avr/lib/avr5\libm.a(fp_pscA.o)
 .text          0x00000000        0x0 c:/program files (x86)/atmel/studio/7.0/toolchain/avr8/avr8-gnu-toolchain/bin/../lib/gcc/avr/5.4.0/../../../../avr/lib/avr5\libm.a(fp_pscB.o)
 .data          0x00000000        0x0 c:/program files (x86)/atmel/studio/7.0/toolchain/avr8/avr8-gnu-toolchain/bin/../lib/gcc/avr/5.4.0/../../../../avr/lib/avr5\libm.a(fp_pscB.o)
 .bss           0x00000000        0x0 c:/program files (x86)/atmel/studio/7.0/toolchain/avr8/avr8-gnu-toolchain/bin/../lib/gcc/avr/5.4.0/../../../../avr/lib/avr5\libm.a(fp_pscB.o)
 .text          0x00000000        0x0 c:/program files (x86)/atmel/studio/7.0/toolchain/avr8/avr8-gnu-toolchain/bin/../lib/gcc/avr/5.4.0/../../../../avr/lib/avr5\libm.a(fp_round.o)
 .data          0x00000000        0x0 c:/program files (x86)/atmel/studio/7.0/toolchain/avr8/avr8-gnu-toolchain/bin/../lib/gcc/avr/5.4.0/../../../../avr/lib/avr5\libm.a(fp_round.o)
 .bss           0x00000000        0x0 c:/program files (x86)/atmel/studio/7.0/toolchain/avr8/avr8-gnu-toolchain/bin/../lib/gcc/avr/5.4.0/../../../../avr/lib/avr5\libm.a(fp_round.o)
 .text          0x00000000        0x0 c:/program files (x86)/atmel/studio/7.0/toolchain/avr8/avr8-gnu-toolchain/bin/../lib/gcc/avr/5.4.0/../../../../avr/lib/avr5\libm.a(fp_split3.o)
 .data          0x00000000        0x0 c:/program files (x86)/atmel/studio/7.0/toolchain/avr8/avr8-gnu-toolchain/bin/../lib/gcc/avr/5.4.0/../../../../avr/lib/avr5\libm.a(fp_split3.o)
 .bss           0x00000000        0x0 c:/program files (x86)/atmel/studio/7.0/toolchain/avr8/avr8-gnu-toolchain/bin/../lib/gcc/avr/5.4.0/../../../../avr/lib/avr5\libm.a(fp_split3.o)
 .text          0x00000000        0x0 c:/program files (x86)/atmel/studio/7.0/toolchain/avr8/avr8-gnu-toolchain/bin/../lib/gcc/avr/5.4.0/../../../../avr/lib/avr5\libm.a(fp_zero.o)
 .data          0x00000000        0x0 c:/program files (x86)/atmel/studio/7.0/toolchain/avr8/avr8-gnu-toolchain/bin/../lib/gcc/avr/5.4.0/../../../../avr/lib/avr5\libm.a(fp_zero.o)
 .bss           0x00000000        0x0 c:/program files (x86)/atmel/studio/7.0/toolchain/avr8/avr8-gnu-toolchain/bin/../lib/gcc/avr/5.4.0/../../../../avr/lib/avr5\libm.a(fp_zero.o)
 .text          0x00000000        0x0 c:/program files (x86)/atmel/studio/7.0/toolchain/avr8/avr8-gnu-toolchain/bin/../lib/gcc/avr/5.4.0/../../../../avr/lib/avr5\libm.a(gesf2.o)
 .data          0x00000000        0x0 c:/program files (x86)/atmel/studio/7.0/toolchain/avr8/avr8-gnu-toolchain/bin/../lib/gcc/avr/5.4.0/../../../../avr/lib/avr5\libm.a(gesf2.o)
 .bss           0x00000000        0x0 c:/program files (x86)/atmel/studio/7.0/toolchain/avr8/avr8-gnu-toolchain/bin/../lib/gcc/avr/5.4.0/../../../../avr/lib/avr5\libm.a(gesf2.o)
 .text          0x00000000        0x0 c:/program files (x86)/atmel/studio/7.0/toolchain/avr8/avr8-gnu-toolchain/bin/../lib/gcc/avr/5.4.0/../../../../avr/lib/avr5\libm.a(mulsf3.o)
 .data          0x00000000        0x0 c:/program files (x86)/atmel/studio/7.0/toolchain/avr8/avr8-gnu-toolchain/bin/../lib/gcc/avr/5.4.0/../../../../avr/lib/avr5\libm.a(mulsf3.o)
 .bss           0x00000000        0x0 c:/program files (x86)/atmel/studio/7.0/toolchain/avr8/avr8-gnu-toolchain/bin/../lib/gcc/avr/5.4.0/../../../../avr/lib/avr5\libm.a(mulsf3.o)
 .text          0x00000000        0x0 c:/program files (x86)/atmel/studio/7.0/toolchain/avr8/avr8-gnu-toolchain/bin/../lib/gcc/avr/5.4.0/../../../../avr/lib/avr5\libm.a(mulsf3x.o)
 .data          0x00000000        0x0 c:/program files (x86)/atmel/studio/7.0/toolchain/avr8/avr8-gnu-toolchain/bin/../lib/gcc/avr/5.4.0/../../../../avr/lib/avr5\libm.a(mulsf3x.o)
 .bss           0x00000000        0x0 c:/program files (x86)/atmel/studio/7.0/toolchain/avr8/avr8-gnu-toolchain/bin/../lib/gcc/avr/5.4.0/../../../../avr/lib/avr5\libm.a(mulsf3x.o)
 .text          0x00000000        0x0 c:/program files (x86)/atmel/studio/7.0/toolchain/avr8/avr8-gnu-toolchain/bin/../lib/gcc/avr/5.4.0/avr5\libgcc.a(_mulsi3.o)
 .data          0x00000000        0x0 c:/program files (x86)/atmel/studio/7.0/toolchain/avr8/avr8-gnu-toolchain/bin/../lib/gcc/avr/5.4.0/avr5\libgcc.a(_mulsi3.o)
 .bss           0x00000000        0x0 c:/program files (x86)/atmel/studio/7.0/toolchain/avr8/avr8-gnu-toolchain/bin/../lib/gcc/avr/5.4.0/avr5\libgcc.a(_mulsi3.o)
 .text.libgcc.mul
                0x00000000       0x20 c:/program files (x86)/atmel/studio/7.0/toolchain/avr8/avr8-gnu-toolchain/bin/../lib/gcc/avr/5.4.0/avr5\libgcc.a(_mulsi3.o)
 .text.libgcc.div
                0x00000000        0x0 c:/program files (x86)/atmel/studio/7.0/toolchain/avr8/avr8-gnu-toolchain/bin/../lib/gcc/avr/5.4.0/avr5\libgcc.a(_mulsi3.o)
 .text.libgcc   0x00000000        0x0 c:/program files (x86)/atmel/studio/7.0/toolchain/avr8/avr8-gnu-toolchain/bin/../lib/gcc/avr/5.4.0/avr5\libgcc.a(_mulsi3.o)
 .text.libgcc.prologue
                0x00000000        0x0 c:/program files (x86)/atmel/studio/7.0/toolchain/avr8/avr8-gnu-toolchain/bin/../lib/gcc/avr/5.4.0/avr5\libgcc.a(_mulsi3.o)
 .text.libgcc.builtins
                0x00000000        0x0 c:/program files (x86)/atmel/studio/7.0/toolchain/avr8/avr8-gnu-toolchain/bin/../lib/gcc/avr/5.4.0/avr5\libgcc.a(_mulsi3.o)
 .text.libgcc.fmul
                0x00000000        0x0 c:/program files (x86)/atmel/studio/7.0/toolchain/avr8/avr8-gnu-toolchain/bin/../lib/gcc/avr/5.4.0/avr5\libgcc.a(_mulsi3.o)
 .text.libgcc.fixed
                0x00000000        0x0 c:/program files (x86)/atmel/studio/7.0/toolchain/avr8/avr8-gnu-toolchain/bin/../lib/gcc/avr/5.4.0/avr5\libgcc.a(_mulsi3.o)
 .text          0x00000000        0x0 c:/program files (x86)/atmel/studio/7.0/toolchain/avr8/avr8-gnu-toolchain/bin/../lib/gcc/avr/5.4.0/avr5\libgcc.a(_udivmodhi4.o)
 .data          0x00000000        0x0 c:/program files (x86)/atmel/studio/7.0/toolchain/avr8/avr8-gnu-toolchain/bin/../lib/gcc/avr/5.4.0/avr5\libgcc.a(_udivmodhi4.o)
 .bss           0x00000000        0x0 c:/program files (x86)/atmel/studio/7.0/toolchain/avr8/avr8-gnu-toolchain/bin/../lib/gcc/avr/5.4.0/avr5\libgcc.a(_udivmodhi4.o)
 .text.libgcc.mul
                0x00000000        0x0 c:/program files (x86)/atmel/studio/7.0/toolchain/avr8/avr8-gnu-toolchain/bin/../lib/gcc/avr/5.4.0/avr5\libgcc.a(_udivmodhi4.o)
 .text.libgcc.div
                0x00000000       0x28 c:/program files (x86)/atmel/studio/7.0/toolchain/avr8/avr8-gnu-toolchain/bin/../lib/gcc/avr/5.4.0/avr5\libgcc.a(_udivmodhi4.o)
 .text.libgcc   0x00000000        0x0 c:/program files (x86)/atmel/studio/7.0/toolchain/avr8/avr8-gnu-toolchain/bin/../lib/gcc/avr/5.4.0/avr5\libgcc.a(_udivmodhi4.o)
 .text.libgcc.prologue
                0x00000000        0x0 c:/program files (x86)/atmel/studio/7.0/toolchain/avr8/avr8-gnu-toolchain/bin/../lib/gcc/avr/5.4.0/avr5\libgcc.a(_udivmodhi4.o)
 .text.libgcc.builtins
                0x00000000        0x0 c:/program files (x86)/atmel/studio/7.0/toolchain/avr8/avr8-gnu-toolchain/bin/../lib/gcc/avr/5.4.0/avr5\libgcc.a(_udivmodhi4.o)
 .text.libgcc.fmul
                0x00000000        0x0 c:/program files (x86)/atmel/studio/7.0/toolchain/avr8/avr8-gnu-toolchain/bin/../lib/gcc/avr/5.4.0/avr5\libgcc.a(_udivmodhi4.o)
 .text.libgcc.fixed
                0x00000000        0x0 c:/program files (x86)/atmel/studio/7.0/toolchain/avr8/avr8-gnu-toolchain/bin/../lib/gcc/avr/5.4.0/avr5\libgcc.a(_udivmodhi4.o)
 .text          0x00000000        0x0 c:/program files (x86)/atmel/studio/7.0/toolchain/avr8/avr8-gnu-toolchain/bin/../lib/gcc/avr/5.4.0/avr5\libgcc.a(_udivmodsi4.o)
 .data          0x00000000        0x0 c:/program files (x86)/atmel/studio/7.0/toolchain/avr8/avr8-gnu-toolchain/bin/../lib/gcc/avr/5.4.0/avr5\libgcc.a(_udivmodsi4.o)
 .bss           0x00000000        0x0 c:/program files (x86)/atmel/studio/7.0/toolchain/avr8/avr8-gnu-toolchain/bin/../lib/gcc/avr/5.4.0/avr5\libgcc.a(_udivmodsi4.o)
 .text.libgcc.mul
                0x00000000        0x0 c:/program files (x86)/atmel/studio/7.0/toolchain/avr8/avr8-gnu-toolchain/bin/../lib/gcc/avr/5.4.0/avr5\libgcc.a(_udivmodsi4.o)
 .text.libgcc   0x00000000        0x0 c:/program files (x86)/atmel/studio/7.0/toolchain/avr8/avr8-gnu-toolchain/bin/../lib/gcc/avr/5.4.0/avr5\libgcc.a(_udivmodsi4.o)
 .text.libgcc.prologue
                0x00000000        0x0 c:/program files (x86)/atmel/studio/7.0/toolchain/avr8/avr8-gnu-toolchain/bin/../lib/gcc/avr/5.4.0/avr5\libgcc.a(_udivmodsi4.o)
 .text.libgcc.builtins
                0x00000000        0x0 c:/program files (x86)/atmel/studio/7.0/toolchain/avr8/avr8-gnu-toolchain/bin/../lib/gcc/avr/5.4.0/avr5\libgcc.a(_udivmodsi4.o)
 .text.libgcc.fmul
                0x00000000        0x0 c:/program files (x86)/atmel/studio/7.0/toolchain/avr8/avr8-gnu-toolchain/bin/../lib/gcc/avr/5.4.0/avr5\libgcc.a(_udivmodsi4.o)
 .text.libgcc.fixed
                0x00000000        0x0 c:/program files (x86)/atmel/studio/7.0/toolchain/avr8/avr8-gnu-toolchain/bin/../lib/gcc/avr/5.4.0/avr5\libgcc.a(_udivmodsi4.o)
 .text          0x00000000        0x0 c:/program files (x86)/atmel/studio/7.0/toolchain/avr8/avr8-gnu-toolchain/bin/../lib/gcc/avr/5.4.0/avr5\libgcc.a(_divmodsi4.o)
 .data          0x00000000        0x0 c:/program files (x86)/atmel/studio/7.0/toolchain/avr8/avr8-gnu-toolchain/bin/../lib/gcc/avr/5.4.0/avr5\libgcc.a(_divmodsi4.o)
 .bss           0x00000000        0x0 c:/program files (x86)/atmel/studio/7.0/toolchain/avr8/avr8-gnu-toolchain/bin/../lib/gcc/avr/5.4.0/avr5\libgcc.a(_divmodsi4.o)
 .text.libgcc.mul
                0x00000000        0x0 c:/program files (x86)/atmel/studio/7.0/toolchain/avr8/avr8-gnu-toolchain/bin/../lib/gcc/avr/5.4.0/avr5\libgcc.a(_divmodsi4.o)
 .text.libgcc   0x00000000        0x0 c:/program files (x86)/atmel/studio/7.0/toolchain/avr8/avr8-gnu-toolchain/bin/../lib/gcc/avr/5.4.0/avr5\libgcc.a(_divmodsi4.o)
 .text.libgcc.prologue
                0x00000000        0x0 c:/program files (x86)/atmel/studio/7.0/toolchain/avr8/avr8-gnu-toolchain/bin/../lib/gcc/avr/5.4.0/avr5\libgcc.a(_divmodsi4.o)
 .text.libgcc.builtins
                0x00000000        0x0 c:/program files (x86)/atmel/studio/7.0/toolchain/avr8/avr8-gnu-toolchain/bin/../lib/gcc/avr/5.4.0/avr5\libgcc.a(_divmodsi4.o)
 .text.libgcc.fmul
                0x00000000        0x0 c:/program files (x86)/atmel/studio/7.0/toolchain/avr8/avr8-gnu-toolchain/bin/../lib/gcc/avr/5.4.0/avr5\libgcc.a(_divmodsi4.o)
 .text.libgcc.fixed
                0x00000000        0x0 c:/program files (x86)/atmel/studio/7.0/toolchain/avr8/avr8-gnu-toolchain/bin/../lib/gcc/avr/5.4.0/avr5\libgcc.a(_divmodsi4.o)
 .text          0x00000000        0x0 c:/program files (x86)/atmel/studio/7.0/toolchain/avr8/avr8-gnu-toolchain/bin/../lib/gcc/avr/5.4.0/avr5\libgcc.a(_negsi2.o)
 .data          0x00000000        0x0 c:/program files (x86)/atmel/studio/7.0/toolchain/avr8/avr8-gnu-toolchain/bin/../lib/gcc/avr/5.4.0/avr5\libgcc.a(_negsi2.o)
 .bss           0x00000000        0x0 c:/program files (x86)/atmel/studio/7.0/toolchain/avr8/avr8-gnu-toolchain/bin/../lib/gcc/avr/5.4.0/avr5\libgcc.a(_negsi2.o)
 .text.libgcc.mul
                0x00000000        0x0 c:/program files (x86)/atmel/studio/7.0/toolchain/avr8/avr8-gnu-toolchain/bin/../lib/gcc/avr/5.4.0/avr5\libgcc.a(_negsi2.o)
 .text.libgcc   0x00000000        0x0 c:/program files (x86)/atmel/studio/7.0/toolchain/avr8/avr8-gnu-toolchain/bin/../lib/gcc/avr/5.4.0/avr5\libgcc.a(_negsi2.o)
 .text.libgcc.prologue
                0x00000000        0x0 c:/program files (x86)/atmel/studio/7.0/toolchain/avr8/avr8-gnu-toolchain/bin/../lib/gcc/avr/5.4.0/avr5\libgcc.a(_negsi2.o)
 .text.libgcc.builtins
                0x00000000        0x0 c:/program files (x86)/atmel/studio/7.0/toolchain/avr8/avr8-gnu-toolchain/bin/../lib/gcc/avr/5.4.0/avr5\libgcc.a(_negsi2.o)
 .text.libgcc.fmul
                0x00000000        0x0 c:/program files (x86)/atmel/studio/7.0/toolchain/avr8/avr8-gnu-toolchain/bin/../lib/gcc/avr/5.4.0/avr5\libgcc.a(_negsi2.o)
 .text.libgcc.fixed
                0x00000000        0x0 c:/program files (x86)/atmel/studio/7.0/toolchain/avr8/avr8-gnu-toolchain/bin/../lib/gcc/avr/5.4.0/avr5\libgcc.a(_negsi2.o)
 .text          0x00000000        0x0 c:/program files (x86)/atmel/studio/7.0/toolchain/avr8/avr8-gnu-toolchain/bin/../lib/gcc/avr/5.4.0/avr5\libgcc.a(_exit.o)
 .data          0x00000000        0x0 c:/program files (x86)/atmel/studio/7.0/toolchain/avr8/avr8-gnu-toolchain/bin/../lib/gcc/avr/5.4.0/avr5\libgcc.a(_exit.o)
 .bss           0x00000000        0x0 c:/program files (x86)/atmel/studio/7.0/toolchain/avr8/avr8-gnu-toolchain/bin/../lib/gcc/avr/5.4.0/avr5\libgcc.a(_exit.o)
 .text.libgcc.mul
                0x00000000        0x0 c:/program files (x86)/atmel/studio/7.0/toolchain/avr8/avr8-gnu-toolchain/bin/../lib/gcc/avr/5.4.0/avr5\libgcc.a(_exit.o)
 .text.libgcc.div
                0x00000000        0x0 c:/program files (x86)/atmel/studio/7.0/toolchain/avr8/avr8-gnu-toolchain/bin/../lib/gcc/avr/5.4.0/avr5\libgcc.a(_exit.o)
 .text.libgcc   0x00000000        0x0 c:/program files (x86)/atmel/studio/7.0/toolchain/avr8/avr8-gnu-toolchain/bin/../lib/gcc/avr/5.4.0/avr5\libgcc.a(_exit.o)
 .text.libgcc.prologue
                0x00000000        0x0 c:/program files (x86)/atmel/studio/7.0/toolchain/avr8/avr8-gnu-toolchain/bin/../lib/gcc/avr/5.4.0/avr5\libgcc.a(_exit.o)
 .text.libgcc.builtins
                0x00000000        0x0 c:/program files (x86)/atmel/studio/7.0/toolchain/avr8/avr8-gnu-toolchain/bin/../lib/gcc/avr/5.4.0/avr5\libgcc.a(_exit.o)
 .text.libgcc.fmul
                0x00000000        0x0 c:/program files (x86)/atmel/studio/7.0/toolchain/avr8/avr8-gnu-toolchain/bin/../lib/gcc/avr/5.4.0/avr5\libgcc.a(_exit.o)
 .text.libgcc.fixed
                0x00000000        0x0 c:/program files (x86)/atmel/studio/7.0/toolchain/avr8/avr8-gnu-toolchain/bin/../lib/gcc/avr/5.4.0/avr5\libgcc.a(_exit.o)
 .text          0x00000000        0x0 c:/program files (x86)/atmel/studio/7.0/toolchain/avr8/avr8-gnu-toolchain/bin/../lib/gcc/avr/5.4.0/avr5\libgcc.a(_copy_data.o)
 .data          0x00000000        0x0 c:/program files (x86)/atmel/studio/7.0/toolchain/avr8/avr8-gnu-toolchain/bin/../lib/gcc/avr/5.4.0/avr5\libgcc.a(_copy_data.o)
 .bss           0x00000000        0x0 c:/program files (x86)/atmel/studio/7.0/toolchain/avr8/avr8-gnu-toolchain/bin/../lib/gcc/avr/5.4.0/avr5\libgcc.a(_copy_data.o)
 .text.libgcc.mul
                0x00000000        0x0 c:/program files (x86)/atmel/studio/7.0/toolchain/avr8/avr8-gnu-toolchain/bin/../lib/gcc/avr/5.4.0/avr5\libgcc.a(_copy_data.o)
 .text.libgcc.div
                0x00000000        0x0 c:/program files (x86)/atmel/studio/7.0/toolchain/avr8/avr8-gnu-toolchain/bin/../lib/gcc/avr/5.4.0/avr5\libgcc.a(_copy_data.o)
 .text.libgcc   0x00000000        0x0 c:/program files (x86)/atmel/studio/7.0/toolchain/avr8/avr8-gnu-toolchain/bin/../lib/gcc/avr/5.4.0/avr5\libgcc.a(_copy_data.o)
 .text.libgcc.prologue
                0x00000000        0x0 c:/program files (x86)/atmel/studio/7.0/toolchain/avr8/avr8-gnu-toolchain/bin/../lib/gcc/avr/5.4.0/avr5\libgcc.a(_copy_data.o)
 .text.libgcc.builtins
                0x00000000        0x0 c:/program files (x86)/atmel/studio/7.0/toolchain/avr8/avr8-gnu-toolchain/bin/../lib/gcc/avr/5.4.0/avr5\libgcc.a(_copy_data.o)
 .text.libgcc.fmul
                0x00000000        0x0 c:/program files (x86)/atmel/studio/7.0/toolchain/avr8/avr8-gnu-toolchain/bin/../lib/gcc/avr/5.4.0/avr5\libgcc.a(_copy_data.o)
 .text.libgcc.fixed
                0x00000000        0x0 c:/program files (x86)/atmel/studio/7.0/toolchain/avr8/avr8-gnu-toolchain/bin/../lib/gcc/avr/5.4.0/avr5\libgcc.a(_copy_data.o)
 .text          0x00000000        0x0 c:/program files (x86)/atmel/studio/7.0/toolchain/avr8/avr8-gnu-toolchain/bin/../lib/gcc/avr/5.4.0/avr5\libgcc.a(_clear_bss.o)
 .data          0x00000000        0x0 c:/program files (x86)/atmel/studio/7.0/toolchain/avr8/avr8-gnu-toolchain/bin/../lib/gcc/avr/5.4.0/avr5\libgcc.a(_clear_bss.o)
 .bss           0x00000000        0x0 c:/program files (x86)/atmel/studio/7.0/toolchain/avr8/avr8-gnu-toolchain/bin/../lib/gcc/avr/5.4.0/avr5\libgcc.a(_clear_bss.o)
 .text.libgcc.mul
                0x00000000        0x0 c:/program files (x86)/atmel/studio/7.0/toolchain/avr8/avr8-gnu-toolchain/bin/../lib/gcc/avr/5.4.0/avr5\libgcc.a(_clear_bss.o)
 .text.libgcc.div
                0x00000000        0x0 c:/program files (x86)/atmel/studio/7.0/toolchain/avr8/avr8-gnu-toolchain/bin/../lib/gcc/avr/5.4.0/avr5\libgcc.a(_clear_bss.o)
 .text.libgcc   0x00000000        0x0 c:/program files (x86)/atmel/studio/7.0/toolchain/avr8/avr8-gnu-toolchain/bin/../lib/gcc/avr/5.4.0/avr5\libgcc.a(_clear_bss.o)
 .text.libgcc.prologue
                0x00000000        0x0 c:/program files (x86)/atmel/studio/7.0/toolchain/avr8/avr8-gnu-toolchain/bin/../lib/gcc/avr/5.4.0/avr5\libgcc.a(_clear_bss.o)
 .text.libgcc.builtins
                0x00000000        0x0 c:/program files (x86)/atmel/studio/7.0/toolchain/avr8/avr8-gnu-toolchain/bin/../lib/gcc/avr/5.4.0/avr5\libgcc.a(_clear_bss.o)
 .text.libgcc.fmul
                0x00000000        0x0 c:/program files (x86)/atmel/studio/7.0/toolchain/avr8/avr8-gnu-toolchain/bin/../lib/gcc/avr/5.4.0/avr5\libgcc.a(_clear_bss.o)
 .text.libgcc.fixed
                0x00000000        0x0 c:/program files (x86)/atmel/studio/7.0/toolchain/avr8/avr8-gnu-toolchain/bin/../lib/gcc/avr/5.4.0/avr5\libgcc.a(_clear_bss.o)
 .text          0x00000000        0x0 c:/program files (x86)/atmel/studio/7.0/toolchain/avr8/avr8-gnu-toolchain/bin/../lib/gcc/avr/5.4.0/avr5\libgcc.a(_umulhisi3.o)
 .data          0x00000000        0x0 c:/program files (x86)/atmel/studio/7.0/toolchain/avr8/avr8-gnu-toolchain/bin/../lib/gcc/avr/5.4.0/avr5\libgcc.a(_umulhisi3.o)
 .bss           0x00000000        0x0 c:/program files (x86)/atmel/studio/7.0/toolchain/avr8/avr8-gnu-toolchain/bin/../lib/gcc/avr/5.4.0/avr5\libgcc.a(_umulhisi3.o)
 .text.libgcc.div
                0x00000000        0x0 c:/program files (x86)/atmel/studio/7.0/toolchain/avr8/avr8-gnu-toolchain/bin/../lib/gcc/avr/5.4.0/avr5\libgcc.a(_umulhisi3.o)
 .text.libgcc   0x00000000        0x0 c:/program files (x86)/atmel/studio/7.0/toolchain/avr8/avr8-gnu-toolchain/bin/../lib/gcc/avr/5.4.0/avr5\libgcc.a(_umulhisi3.o)
 .text.libgcc.prologue
                0x00000000        0x0 c:/program files (x86)/atmel/studio/7.0/toolchain/avr8/avr8-gnu-toolchain/bin/../lib/gcc/avr/5.4.0/avr5\libgcc.a(_umulhisi3.o)
 .text.libgcc.builtins
                0x00000000        0x0 c:/program files (x86)/atmel/studio/7.0/toolchain/avr8/avr8-gnu-toolchain/bin/../lib/gcc/avr/5.4.0/avr5\libgcc.a(_umulhisi3.o)
 .text.libgcc.fmul
                0x00000000        0x0 c:/program files (x86)/atmel/studio/7.0/toolchain/avr8/avr8-gnu-toolchain/bin/../lib/gcc/avr/5.4.0/avr5\libgcc.a(_umulhisi3.o)
 .text.libgcc.fixed
                0x00000000        0x0 c:/program files (x86)/atmel/studio/7.0/toolchain/avr8/avr8-gnu-toolchain/bin/../lib/gcc/avr/5.4.0/avr5\libgcc.a(_umulhisi3.o)
 .text          0x00000000        0x0 c:/program files (x86)/atmel/studio/7.0/toolchain/avr8/avr8-gnu-toolchain/bin/../lib/gcc/avr/5.4.0/avr5\libgcc.a(_muluhisi3.o)
 .data          0x00000000        0x0 c:/program files (x86)/atmel/studio/7.0/toolchain/avr8/avr8-gnu-toolchain/bin/../lib/gcc/avr/5.4.0/avr5\libgcc.a(_muluhisi3.o)
 .bss           0x00000000        0x0 c:/program files (x86)/atmel/studio/7.0/toolchain/avr8/avr8-gnu-toolchain/bin/../lib/gcc/avr/5.4.0/avr5\libgcc.a(_muluhisi3.o)
 .text.libgcc.div
                0x00000000        0x0 c:/program files (x86)/atmel/studio/7.0/toolchain/avr8/avr8-gnu-toolchain/bin/../lib/gcc/avr/5.4.0/avr5\libgcc.a(_muluhisi3.o)
 .text.libgcc   0x00000000        0x0 c:/program files (x86)/atmel/studio/7.0/toolchain/avr8/avr8-gnu-toolchain/bin/../lib/gcc/avr/5.4.0/avr5\libgcc.a(_muluhisi3.o)
 .text.libgcc.prologue
                0x00000000        0x0 c:/program files (x86)/atmel/studio/7.0/toolchain/avr8/avr8-gnu-toolchain/bin/../lib/gcc/avr/5.4.0/avr5\libgcc.a(_muluhisi3.o)
 .text.libgcc.builtins
                0x00000000        0x0 c:/program files (x86)/atmel/studio/7.0/toolchain/avr8/avr8-gnu-toolchain/bin/../lib/gcc/avr/5.4.0/avr5\libgcc.a(_muluhisi3.o)
 .text.libgcc.fmul
                0x00000000        0x0 c:/program files (x86)/atmel/studio/7.0/toolchain/avr8/avr8-gnu-toolchain/bin/../lib/gcc/avr/5.4.0/avr5\libgcc.a(_muluhisi3.o)
 .text.libgcc.fixed
                0x00000000        0x0 c:/program files (x86)/atmel/studio/7.0/toolchain/avr8/avr8-gnu-toolchain/bin/../lib/gcc/avr/5.4.0/avr5\libgcc.a(_muluhisi3.o)

Memory Configuration

Name             Origin             Length             Attributes
text             0x00000000         0x00008000         xr
data             0x00800060         0x00000800         rw !x
eeprom           0x00810000         0x00000400         rw !x
fuse             0x00820000         0x00000002         rw !x
lock             0x00830000         0x00000400         rw !x
signature        0x00840000         0x00000400         rw !x
user_signatures  0x00850000         0x00000400         rw !x
*default*        0x00000000         0xffffffff

Linker script and memory map

LOAD C:/Program Files (x86)/Atmel/Studio/7.0/Packs/atmel/ATmega_DFP/1.7.374/gcc/dev/atmega32/avr5/crtatmega32.o
LOAD APP/Calculator_Prog.o
LOAD APP/Car_Garage_DOM_Prog.o
LOAD APP/MOVMENT_Prog.o
LOAD APP/Smart_Home_Uart.o
LOAD APP/StopWatch_Prog.o
LOAD CONFIG/DIO_Cfg.o
LOAD CONFIG/EXI_Cfg.o
LOAD HAL/ECU_Prog.o
LOAD HAL/KEYPAD_Prog.o
LOAD HAL/LCD_Prog.o
LOAD HAL/MOTOR_Prog.o
LOAD HAL/SERVO_Prog.o
LOAD HAL/SEVEN_SEG_Prog.o
LOAD HAL/STEPPER_Prog.o
LOAD HAL/ULTRASONIC_Prog.o
LOAD main.o
LOAD MCAL/ADC_Prg.o
LOAD MCAL/DIO_Prog.o
LOAD MCAL/EXI_Prog.o
LOAD MCAL/i2C.o
LOAD MCAL/NVM_Prog.o
LOAD MCAL/SPI.o
LOAD MCAL/Timers_Prog.o
LOAD MCAL/UART_Prg.o
LOAD Scheduler/OS.o
LOAD Scheduler/Tasks_Prog.o
LOAD SERVICE/NVM_Services.o
LOAD SERVICE/Timers_Services.o
LOAD SERVICE/UART_Services.o
START GROUP
LOAD c:/program files (x86)/atmel/studio/7.0/toolchain/avr8/avr8-gnu-toolchain/bin/../lib/gcc/avr/5.4.0/../../../../avr/lib/avr5\libm.a
END GROUP
START GROUP
LOAD c:/program files (x86)/atmel/studio/7.0/toolchain/avr8/avr8-gnu-toolchain/bin/../lib/gcc/avr/5.4.0/avr5\libgcc.a
LOAD c:/program files (x86)/atmel/studio/7.0/toolchain/avr8/avr8-gnu-toolchain/bin/../lib/gcc/avr/5.4.0/../../../../avr/lib/avr5\libm.a
LOAD c:/program files (x86)/atmel/studio/7.0/toolchain/avr8/avr8-gnu-toolchain/bin/../lib/gcc/avr/5.4.0/../../../../avr/lib/avr5\libc.a
LOAD C:/Program Files (x86)/Atmel/Studio/7.0/Packs/atmel/ATmega_DFP/1.7.374/gcc/dev/atmega32/avr5\libatmega32.a
END GROUP
                0x00000000                __TEXT_REGION_ORIGIN__ = DEFINED (__TEXT_REGION_ORIGIN__)?__TEXT_REGION_ORIGIN__:0x0
                [0x00800060]                __DATA_REGION_ORIGIN__ = DEFINED (__DATA_REGION_ORIGIN__)?__DATA_REGION_ORIGIN__:0x800060
                [0x00008000]                __TEXT_REGION_LENGTH__ = DEFINED (__TEXT_REGION_LENGTH__)?__TEXT_REGION_LENGTH__:0x20000
                [0x00000800]                __DATA_REGION_LENGTH__ = DEFINED (__DATA_REGION_LENGTH__)?__DATA_REGION_LENGTH__:0xffa0
                [0x00000400]                __EEPROM_REGION_LENGTH__ = DEFINED (__EEPROM_REGION_LENGTH__)?__EEPROM_REGION_LENGTH__:0x10000
                [0x00000002]                __FUSE_REGION_LENGTH__ = DEFINED (__FUSE_REGION_LENGTH__)?__FUSE_REGION_LENGTH__:0x400
                0x00000400                __LOCK_REGION_LENGTH__ = DEFINED (__LOCK_REGION_LENGTH__)?__LOCK_REGION_LENGTH__:0x400
                0x00000400                __SIGNATURE_REGION_LENGTH__ = DEFINED (__SIGNATURE_REGION_LENGTH__)?__SIGNATURE_REGION_LENGTH__:0x400
                0x00000400                __USER_SIGNATURE_REGION_LENGTH__ = DEFINED (__USER_SIGNATURE_REGION_LENGTH__)?__USER_SIGNATURE_REGION_LENGTH__:0x400

.hash
 *(.hash)

.dynsym
 *(.dynsym)

.dynstr
 *(.dynstr)

.gnu.version
 *(.gnu.version)

.gnu.version_d
 *(.gnu.version_d)

.gnu.version_r
 *(.gnu.version_r)

.rel.init
 *(.rel.init)

.rela.init
 *(.rela.init)

.rel.text
 *(.rel.text)
 *(.rel.text.*)
 *(.rel.gnu.linkonce.t*)

.rela.text
 *(.rela.text)
 *(.rela.text.*)
 *(.rela.gnu.linkonce.t*)

.rel.fini
 *(.rel.fini)

.rela.fini
 *(.rela.fini)

.rel.rodata
 *(.rel.rodata)
 *(.rel.rodata.*)
 *(.rel.gnu.linkonce.r*)

.rela.rodata
 *(.rela.rodata)
 *(.rela.rodata.*)
 *(.rela.gnu.linkonce.r*)

.rel.data
 *(.rel.data)
 *(.rel.data.*)
 *(.rel.gnu.linkonce.d*)

.rela.data
 *(.rela.data)
 *(.rela.data.*)
 *(.rela.gnu.linkonce.d*)

.rel.ctors
 *(.rel.ctors)

.rela.ctors
 *(.rela.ctors)

.rel.dtors
 *(.rel.dtors)

.rela.dtors
 *(.rela.dtors)

.rel.got
 *(.rel.got)

.rela.got
 *(.rela.got)

.rel.bss
 *(.rel.bss)

.rela.bss
 *(.rela.bss)

.rel.plt
 *(.rel.plt)

.rela.plt
 *(.rela.plt)

.text           0x00000000     0x302c
 *(.vectors)
 .vectors       0x00000000       0x54 C:/Program Files (x86)/Atmel/Studio/7.0/Packs/atmel/ATmega_DFP/1.7.374/gcc/dev/atmega32/avr5/crtatmega32.o
                0x00000000                __vector_default
                0x00000000                __vectors
 *(.vectors)
 *(.progmem.gcc*)
                0x00000054                . = ALIGN (0x2)
                0x00000054                __trampolines_start = .
 *(.trampolines)
 .trampolines   0x00000054        0x0 linker stubs
 *(.trampolines*)
                0x00000054                __trampolines_end = .
 *libprintf_flt.a:*(.progmem.data)
 *libc.a:*(.progmem.data)
 *(.progmem*)
                0x00000054                . = ALIGN (0x2)
 *(.jumptables)
 *(.jumptables*)
 *(.lowtext)
 *(.lowtext*)
                0x00000054                __ctors_start = .
 *(.ctors)
                0x00000054                __ctors_end = .
                0x00000054                __dtors_start = .
 *(.dtors)
                0x00000054                __dtors_end = .
 SORT(*)(.ctors)
 SORT(*)(.dtors)
 *(.init0)
 .init0         0x00000054        0x0 C:/Program Files (x86)/Atmel/Studio/7.0/Packs/atmel/ATmega_DFP/1.7.374/gcc/dev/atmega32/avr5/crtatmega32.o
                0x00000054                __init
 *(.init0)
 *(.init1)
 *(.init1)
 *(.init2)
 .init2         0x00000054        0xc C:/Program Files (x86)/Atmel/Studio/7.0/Packs/atmel/ATmega_DFP/1.7.374/gcc/dev/atmega32/avr5/crtatmega32.o
 *(.init2)
 *(.init3)
 *(.init3)
 *(.init4)
 .init4         0x00000060       0x16 c:/program files (x86)/atmel/studio/7.0/toolchain/avr8/avr8-gnu-toolchain/bin/../lib/gcc/avr/5.4.0/avr5\libgcc.a(_copy_data.o)
                0x00000060                __do_copy_data
 .init4         0x00000076       0x10 c:/program files (x86)/atmel/studio/7.0/toolchain/avr8/avr8-gnu-toolchain/bin/../lib/gcc/avr/5.4.0/avr5\libgcc.a(_clear_bss.o)
                0x00000076                __do_clear_bss
 *(.init4)
 *(.init5)
 *(.init5)
 *(.init6)
 *(.init6)
 *(.init7)
 *(.init7)
 *(.init8)
 *(.init8)
 *(.init9)
 .init9         0x00000086        0x8 C:/Program Files (x86)/Atmel/Studio/7.0/Packs/atmel/ATmega_DFP/1.7.374/gcc/dev/atmega32/avr5/crtatmega32.o
 *(.init9)
 *(.text)
 .text          0x0000008e        0x4 C:/Program Files (x86)/Atmel/Studio/7.0/Packs/atmel/ATmega_DFP/1.7.374/gcc/dev/atmega32/avr5/crtatmega32.o
                0x0000008e                __bad_interrupt
                0x0000008e                __vector_19
                0x0000008e                __vector_5
                0x0000008e                __vector_4
                0x0000008e                __vector_14
                0x0000008e                __vector_10
                0x0000008e                __vector_16
                0x0000008e                __vector_18
                0x0000008e                __vector_20
                0x00000092                . = ALIGN (0x2)
 *(.text.*)
 .text.WriteIns
                0x00000092      0x464 HAL/LCD_Prog.o
 .text.WriteData
                0x000004f6      0x464 HAL/LCD_Prog.o
 .text.LCD_Init
                0x0000095a      0x20e HAL/LCD_Prog.o
                0x0000095a                LCD_Init
 .text.LCD_WriteChar
                0x00000b68       0x1c HAL/LCD_Prog.o
                0x00000b68                LCD_WriteChar
 .text.LCD_Clear
                0x00000b84      0x112 HAL/LCD_Prog.o
                0x00000b84                LCD_Clear
 .text.LCD_WriteString
                0x00000c96       0x54 HAL/LCD_Prog.o
                0x00000c96                LCD_WriteString
 .text.LCD_SetCursor
                0x00000cea       0x3c HAL/LCD_Prog.o
                0x00000cea                LCD_SetCursor
 .text.LCD_WriteNumber
                0x00000d26      0x122 HAL/LCD_Prog.o
                0x00000d26                LCD_WriteNumber
 .text.Servo_Position
                0x00000e48       0x58 HAL/SERVO_Prog.o
                0x00000e48                Servo_Position
 .text.Floor1_Enter_Int_func
                0x00000ea0      0x160 main.o
                0x00000ea0                Floor1_Enter_Int_func
 .text.Floor1_Exit_Int_func
                0x00001000      0x154 main.o
                0x00001000                Floor1_Exit_Int_func
 .text.Floor2_Enter_Int_func
                0x00001154      0x142 main.o
                0x00001154                Floor2_Enter_Int_func
 .text.Floor2_Exit_Int_func
                0x00001296      0x13e main.o
                0x00001296                Floor2_Exit_Int_func
 .text.main     0x000013d4      0x606 main.o
                0x000013d4                main
 .text.DIO_Init
                0x000019da       0x3a MCAL/DIO_Prog.o
                0x000019da                DIO_Init
 .text.DIO_InitPin
                0x00001a14      0x4c2 MCAL/DIO_Prog.o
 .text.DIO_WritePin
                0x00001ed6      0x1de MCAL/DIO_Prog.o
                0x00001ed6                DIO_WritePin
 .text.DIO_ReadPin
                0x000020b4       0xdc MCAL/DIO_Prog.o
                0x000020b4                DIO_ReadPin
 .text.EXI_Init
                0x00002190       0x28 MCAL/EXI_Prog.o
                0x00002190                EXI_Init
 .text.EXI_Enable
                0x000021b8       0x6a MCAL/EXI_Prog.o
                0x000021b8                EXI_Enable
 .text.EXI_TriggerEdge
                0x00002222      0x202 MCAL/EXI_Prog.o
                0x00002222                EXI_TriggerEdge
 .text.EXI_SetCallBack
                0x00002424       0x62 MCAL/EXI_Prog.o
                0x00002424                EXI_SetCallBack
 .text.__vector_1
                0x00002486       0x6e MCAL/EXI_Prog.o
                0x00002486                __vector_1
 .text.__vector_2
                0x000024f4       0x6e MCAL/EXI_Prog.o
                0x000024f4                __vector_2
 .text.__vector_3
                0x00002562       0x6e MCAL/EXI_Prog.o
                0x00002562                __vector_3
 .text.__vector_17
                0x000025d0       0x6e MCAL/NVM_Prog.o
                0x000025d0                __vector_17
 .text.__vector_12
                0x0000263e       0x6e MCAL/SPI.o
                0x0000263e                __vector_12
 .text.__vector_11
                0x000026ac       0x78 MCAL/Timers_Prog.o
                0x000026ac                __vector_11
 .text.Timer1_Init
                0x00002724      0x1e0 MCAL/Timers_Prog.o
                0x00002724                Timer1_Init
 .text.Timer1_OCRA1Mode
                0x00002904       0xd2 MCAL/Timers_Prog.o
                0x00002904                Timer1_OCRA1Mode
 .text.Timer1_OCRB1Mode
                0x000029d6       0xd2 MCAL/Timers_Prog.o
                0x000029d6                Timer1_OCRB1Mode
 .text.__vector_9
                0x00002aa8       0x6e MCAL/Timers_Prog.o
                0x00002aa8                __vector_9
 .text.__vector_7
                0x00002b16       0x6e MCAL/Timers_Prog.o
                0x00002b16                __vector_7
 .text.__vector_8
                0x00002b84       0x6e MCAL/Timers_Prog.o
                0x00002b84                __vector_8
 .text.__vector_6
                0x00002bf2       0x6e MCAL/Timers_Prog.o
                0x00002bf2                __vector_6
 .text.__vector_13
                0x00002c60       0x6e MCAL/UART_Prg.o
                0x00002c60                __vector_13
 .text.__vector_15
                0x00002cce       0x6e MCAL/UART_Prg.o
                0x00002cce                __vector_15
 .text.avr-libc.fplib
                0x00002d3c        0xa c:/program files (x86)/atmel/studio/7.0/toolchain/avr8/avr8-gnu-toolchain/bin/../lib/gcc/avr/5.4.0/../../../../avr/lib/avr5\libm.a(cmpsf2.o)
                0x00002d3c                __nesf2
                0x00002d3c                __eqsf2
                0x00002d3c                __cmpsf2
                0x00002d3c                __ltsf2
                0x00002d3c                __lesf2
 .text.avr-libc.fplib
                0x00002d46       0x5e c:/program files (x86)/atmel/studio/7.0/toolchain/avr8/avr8-gnu-toolchain/bin/../lib/gcc/avr/5.4.0/../../../../avr/lib/avr5\libm.a(fixunssfsi.o)
                0x00002d46                __fixunssfsi
 .text.avr-libc.fplib
                0x00002da4       0x48 c:/program files (x86)/atmel/studio/7.0/toolchain/avr8/avr8-gnu-toolchain/bin/../lib/gcc/avr/5.4.0/../../../../avr/lib/avr5\libm.a(fp_cmp.o)
                0x00002da4                __fp_cmp
 .text.avr-libc.fplib
                0x00002dec        0xc c:/program files (x86)/atmel/studio/7.0/toolchain/avr8/avr8-gnu-toolchain/bin/../lib/gcc/avr/5.4.0/../../../../avr/lib/avr5\libm.a(fp_inf.o)
                0x00002dec                __fp_inf
 .text.avr-libc.fplib
                0x00002df8        0x6 c:/program files (x86)/atmel/studio/7.0/toolchain/avr8/avr8-gnu-toolchain/bin/../lib/gcc/avr/5.4.0/../../../../avr/lib/avr5\libm.a(fp_nan.o)
                0x00002df8                __fp_nan
 .text.avr-libc.fplib
                0x00002dfe        0xe c:/program files (x86)/atmel/studio/7.0/toolchain/avr8/avr8-gnu-toolchain/bin/../lib/gcc/avr/5.4.0/../../../../avr/lib/avr5\libm.a(fp_pscA.o)
                0x00002dfe                __fp_pscA
 .text.avr-libc.fplib
                0x00002e0c        0xe c:/program files (x86)/atmel/studio/7.0/toolchain/avr8/avr8-gnu-toolchain/bin/../lib/gcc/avr/5.4.0/../../../../avr/lib/avr5\libm.a(fp_pscB.o)
                0x00002e0c                __fp_pscB
 .text.avr-libc.fplib
                0x00002e1a       0x22 c:/program files (x86)/atmel/studio/7.0/toolchain/avr8/avr8-gnu-toolchain/bin/../lib/gcc/avr/5.4.0/../../../../avr/lib/avr5\libm.a(fp_round.o)
                0x00002e1a                __fp_round
 .text.avr-libc.fplib
                0x00002e3c       0x44 c:/program files (x86)/atmel/studio/7.0/toolchain/avr8/avr8-gnu-toolchain/bin/../lib/gcc/avr/5.4.0/../../../../avr/lib/avr5\libm.a(fp_split3.o)
                0x00002e3c                __fp_split3
                0x00002e4c                __fp_splitA
 .text.avr-libc.fplib
                0x00002e80        0xe c:/program files (x86)/atmel/studio/7.0/toolchain/avr8/avr8-gnu-toolchain/bin/../lib/gcc/avr/5.4.0/../../../../avr/lib/avr5\libm.a(fp_zero.o)
                0x00002e80                __fp_zero
                0x00002e82                __fp_szero
 .text.avr-libc.fplib
                0x00002e8e        0xa c:/program files (x86)/atmel/studio/7.0/toolchain/avr8/avr8-gnu-toolchain/bin/../lib/gcc/avr/5.4.0/../../../../avr/lib/avr5\libm.a(gesf2.o)
                0x00002e8e                __gesf2
                0x00002e8e                __gtsf2
 .text.avr-libc.fplib
                0x00002e98        0x8 c:/program files (x86)/atmel/studio/7.0/toolchain/avr8/avr8-gnu-toolchain/bin/../lib/gcc/avr/5.4.0/../../../../avr/lib/avr5\libm.a(mulsf3.o)
                0x00002e98                __mulsf3
 .text.avr-libc.fplib
                0x00002ea0       0xd2 c:/program files (x86)/atmel/studio/7.0/toolchain/avr8/avr8-gnu-toolchain/bin/../lib/gcc/avr/5.4.0/../../../../avr/lib/avr5\libm.a(mulsf3x.o)
                0x00002ebe                __mulsf3x
                0x00002ec4                __mulsf3_pse
 .text.libgcc.div
                0x00002f72       0x44 c:/program files (x86)/atmel/studio/7.0/toolchain/avr8/avr8-gnu-toolchain/bin/../lib/gcc/avr/5.4.0/avr5\libgcc.a(_udivmodsi4.o)
                0x00002f72                __udivmodsi4
 .text.libgcc.div
                0x00002fb6       0x2e c:/program files (x86)/atmel/studio/7.0/toolchain/avr8/avr8-gnu-toolchain/bin/../lib/gcc/avr/5.4.0/avr5\libgcc.a(_divmodsi4.o)
                0x00002fb6                __divmodsi4
 .text.libgcc.div
                0x00002fe4       0x10 c:/program files (x86)/atmel/studio/7.0/toolchain/avr8/avr8-gnu-toolchain/bin/../lib/gcc/avr/5.4.0/avr5\libgcc.a(_negsi2.o)
                0x00002fe4                __negsi2
 .text.libgcc.mul
                0x00002ff4       0x1e c:/program files (x86)/atmel/studio/7.0/toolchain/avr8/avr8-gnu-toolchain/bin/../lib/gcc/avr/5.4.0/avr5\libgcc.a(_umulhisi3.o)
                0x00002ff4                __umulhisi3
 .text.libgcc.mul
                0x00003012       0x16 c:/program files (x86)/atmel/studio/7.0/toolchain/avr8/avr8-gnu-toolchain/bin/../lib/gcc/avr/5.4.0/avr5\libgcc.a(_muluhisi3.o)
                0x00003012                __muluhisi3
                0x00003028                . = ALIGN (0x2)
 *(.fini9)
 .fini9         0x00003028        0x0 c:/program files (x86)/atmel/studio/7.0/toolchain/avr8/avr8-gnu-toolchain/bin/../lib/gcc/avr/5.4.0/avr5\libgcc.a(_exit.o)
                0x00003028                _exit
                0x00003028                exit
 *(.fini9)
 *(.fini8)
 *(.fini8)
 *(.fini7)
 *(.fini7)
 *(.fini6)
 *(.fini6)
 *(.fini5)
 *(.fini5)
 *(.fini4)
 *(.fini4)
 *(.fini3)
 *(.fini3)
 *(.fini2)
 *(.fini2)
 *(.fini1)
 *(.fini1)
 *(.fini0)
 .fini0         0x00003028        0x4 c:/program files (x86)/atmel/studio/7.0/toolchain/avr8/avr8-gnu-toolchain/bin/../lib/gcc/avr/5.4.0/avr5\libgcc.a(_exit.o)
 *(.fini0)
                0x0000302c                _etext = .

.data           0x00800060       0x82 load address 0x0000302c
                0x00800060                PROVIDE (__data_start, .)
 *(.data)
 *(.data*)
 .data.floor1   0x00800060        0x2 main.o
                0x00800060                floor1
 .data.floor2   0x00800062        0x2 main.o
                0x00800062                floor2
 *(.gnu.linkonce.d*)
 *(.rodata)
 .rodata        0x00800064       0x5d main.o
 *(.rodata*)
 .rodata.DIO_PinsStatusArray
                0x008000c1       0x20 CONFIG/DIO_Cfg.o
                0x008000c1                DIO_PinsStatusArray
 *(.gnu.linkonce.r*)
                0x008000e2                . = ALIGN (0x2)
 *fill*         0x008000e1        0x1 
                0x008000e2                _edata = .
                0x008000e2                PROVIDE (__data_end, .)

.bss            0x008000e2       0x1b
                0x008000e2                PROVIDE (__bss_start, .)
 *(.bss)
 *(.bss*)
 .bss.flag      0x008000e2        0x1 main.o
                0x008000e2                flag
 .bss.en        0x008000e3        0x1 main.o
                0x008000e3                en
 .bss.ex        0x008000e4        0x1 main.o
                0x008000e4                ex
 .bss.INT0_Fptr
                0x008000e5        0x2 MCAL/EXI_Prog.o
 .bss.INT1_Fptr
                0x008000e7        0x2 MCAL/EXI_Prog.o
 .bss.INT2_Fptr
                0x008000e9        0x2 MCAL/EXI_Prog.o
 .bss.NVM_Fptr  0x008000eb        0x2 MCAL/NVM_Prog.o
 .bss.SPI_Fptr  0x008000ed        0x2 MCAL/SPI.o
 .bss.Timer0_OVF_Fptr
                0x008000ef        0x2 MCAL/Timers_Prog.o
 .bss.Timer1_OVF_Fptr
                0x008000f1        0x2 MCAL/Timers_Prog.o
 .bss.Timer1_OCA_Fptr
                0x008000f3        0x2 MCAL/Timers_Prog.o
 .bss.Timer1_OCB_Fptr
                0x008000f5        0x2 MCAL/Timers_Prog.o
 .bss.Timer1_ICU_Fptr
                0x008000f7        0x2 MCAL/Timers_Prog.o
 .bss.UART_RX_Fptr
                0x008000f9        0x2 MCAL/UART_Prg.o
 .bss.UART_TX_Fptr
                0x008000fb        0x2 MCAL/UART_Prg.o
 *(COMMON)
                0x008000fd                PROVIDE (__bss_end, .)
                0x0000302c                __data_load_start = LOADADDR (.data)
                0x000030ae                __data_load_end = (__data_load_start + SIZEOF (.data))

.noinit         0x008000fd        0x0
                [!provide]                PROVIDE (__noinit_start, .)
 *(.noinit*)
                [!provide]                PROVIDE (__noinit_end, .)
                0x008000fd                _end = .
                [!provide]                PROVIDE (__heap_start, .)

.eeprom         0x00810000        0x0
 *(.eeprom*)
                0x00810000                __eeprom_end = .

.fuse
 *(.fuse)
 *(.lfuse)
 *(.hfuse)
 *(.efuse)

.lock
 *(.lock*)

.signature
 *(.signature*)

.user_signatures
 *(.user_signatures*)

.stab
 *(.stab)

.stabstr
 *(.stabstr)

.stab.excl
 *(.stab.excl)

.stab.exclstr
 *(.stab.exclstr)

.stab.index
 *(.stab.index)

.stab.indexstr
 *(.stab.indexstr)

.comment        0x00000000       0x30
 *(.comment)
 .comment       0x00000000       0x30 CONFIG/DIO_Cfg.o
                                 0x31 (size before relaxing)
 .comment       0x00000030       0x31 HAL/LCD_Prog.o
 .comment       0x00000030       0x31 HAL/SERVO_Prog.o
 .comment       0x00000030       0x31 main.o
 .comment       0x00000030       0x31 MCAL/DIO_Prog.o
 .comment       0x00000030       0x31 MCAL/EXI_Prog.o
 .comment       0x00000030       0x31 MCAL/NVM_Prog.o
 .comment       0x00000030       0x31 MCAL/SPI.o
 .comment       0x00000030       0x31 MCAL/Timers_Prog.o
 .comment       0x00000030       0x31 MCAL/UART_Prg.o

.note.gnu.avr.deviceinfo
                0x00000000       0x3c
 .note.gnu.avr.deviceinfo
                0x00000000       0x3c C:/Program Files (x86)/Atmel/Studio/7.0/Packs/atmel/ATmega_DFP/1.7.374/gcc/dev/atmega32/avr5/crtatmega32.o

.note.gnu.build-id
 *(.note.gnu.build-id)

.debug
 *(.debug)

.line
 *(.line)

.debug_srcinfo
 *(.debug_srcinfo)

.debug_sfnames
 *(.debug_sfnames)

.debug_aranges
 *(.debug_aranges)

.debug_pubnames
 *(.debug_pubnames)

.debug_info     0x00000000      0x4e6
 *(.debug_info .gnu.linkonce.wi.*)
 .debug_info    0x00000000      0x4e6 C:/Program Files (x86)/Atmel/Studio/7.0/Packs/atmel/ATmega_DFP/1.7.374/gcc/dev/atmega32/avr5/crtatmega32.o

.debug_abbrev   0x00000000      0x4a3
 *(.debug_abbrev)
 .debug_abbrev  0x00000000      0x4a3 C:/Program Files (x86)/Atmel/Studio/7.0/Packs/atmel/ATmega_DFP/1.7.374/gcc/dev/atmega32/avr5/crtatmega32.o

.debug_line     0x00000000      0x116
 *(.debug_line .debug_line.* .debug_line_end)
 .debug_line    0x00000000      0x116 C:/Program Files (x86)/Atmel/Studio/7.0/Packs/atmel/ATmega_DFP/1.7.374/gcc/dev/atmega32/avr5/crtatmega32.o

.debug_frame
 *(.debug_frame)

.debug_str      0x00000000      0x196
 *(.debug_str)
 .debug_str     0x00000000      0x196 C:/Program Files (x86)/Atmel/Studio/7.0/Packs/atmel/ATmega_DFP/1.7.374/gcc/dev/atmega32/avr5/crtatmega32.o

.debug_loc
 *(.debug_loc)

.debug_macinfo
 *(.debug_macinfo)

.debug_weaknames
 *(.debug_weaknames)

.debug_funcnames
 *(.debug_funcnames)

.debug_typenames
 *(.debug_typenames)

.debug_varnames
 *(.debug_varnames)

.debug_pubtypes
 *(.debug_pubtypes)

.debug_ranges
 *(.debug_ranges)

.debug_macro
 *(.debug_macro)
OUTPUT(interface.elf elf32-avr)
LOAD linker stubs
